{
    "echo": {
        "data": {
            "hello": "world!",
            "prepared": true,
            "enhanced": true
        },
        "args": []
    }
}