---
source: src/serialization/mod.rs
expression: out
---
[
  "ab"
]
