---
source: duper/src/visitor/pretty_printer.rs
expression: pp
---
{
  chess: "âœ…",
}
