flat_spots, 58
crossing_points, 6
entropy, 0.18139305934268027
lumpiness, 0.0008274011737283262
stability, 1.0271883546497593
hurst, 0.9728080876893267
unitroot_pp, -1.2250055106890851
unitroot_kpss, 1.2764706060790423
arch_lm, 0.9999996099553751
nonlinearity, 0.0033349644015838757
x_pacf5, 1.0805145850581757
diff1x_pacf5, 1.69822482190016
diff2x_pacf5, 1.1062148655971935
seas_pacf, -0.04372023431459795
