flat_spots, 58
crossing_points, 0
entropy, -0.0
lumpiness, 0.0006933583143215199
stability, 1.0488619148807588
hurst, nan
unitroot_pp, nan
unitroot_kpss, nan
arch_lm, nan
nonlinearity, nan
x_pacf5, nan
diff1x_pacf5, nan
diff2x_pacf5, nan
seas_pacf, nan
