{"mode": "applied", "file_path": "/private/var/folders/0y/3dbffqmn08q4swkt9zgffjq40000gn/T/dbt_autofix_test_project1_04vuhoh6/project1/models/exposures.yml", "refactors": [{"deprecation": "PropertyMovedToConfigDeprecation", "log": "Exposure 'my_exposure' - Field 'tags' moved under config."}, {"deprecation": "CustomKeyInObjectDeprecation", "log": "Exposure 'my_exposure' - Moved all the meta fields under config.meta and merged with existing config.meta."}]}
{"mode": "applied", "file_path": "/private/var/folders/0y/3dbffqmn08q4swkt9zgffjq40000gn/T/dbt_autofix_test_project1_04vuhoh6/project1/models/example/schema_yml_with_tests.yml", "refactors": [{"deprecation": "CustomKeyInObjectDeprecation", "log": "Model 'my_model_with_tests' - Field 'descrption' is a common misspelling of 'description', it has been renamed."}, {"deprecation": "CustomKeyInObjectDeprecation", "log": "Column 'id' - Field 'descrption' is a common misspelling of 'description', it has been renamed."}, {"deprecation": "CustomKeyInObjectDeprecation", "log": "Test 'accepted_values' - Field 'desciption' is a common misspelling of 'description', it has been renamed."}, {"deprecation": "MissingGenericTestArgumentsPropertyDeprecation", "log": "Test 'accepted_values' - Custom test argument 'values' moved under 'arguments'."}, {"deprecation": "MissingGenericTestArgumentsPropertyDeprecation", "log": "Test 'relationships' - Custom test argument 'to' moved under 'arguments'."}, {"deprecation": "CustomKeyInObjectDeprecation", "log": "Test 'custom_test' - Field 'severity' moved under config."}, {"deprecation": "MissingGenericTestArgumentsPropertyDeprecation", "log": "Test 'custom_test' - Custom test argument 'custom_arg' moved under 'arguments'."}, {"deprecation": "MissingGenericTestArgumentsPropertyDeprecation", "log": "Test 'accepted_values' - Custom test argument 'values' moved under 'arguments'."}, {"deprecation": "MissingGenericTestArgumentsPropertyDeprecation", "log": "Test 'custom_test_with_arguments_dict' - Custom test argument 'invalid_custom_arg' moved under 'arguments'."}, {"deprecation": "CustomKeyInObjectDeprecation", "log": "Test 'custom_test' - Field 'severity' moved under config."}, {"deprecation": "MissingGenericTestArgumentsPropertyDeprecation", "log": "Test 'custom_test' - Custom test argument 'custom_arg' moved under 'arguments'."}, {"deprecation": "MissingGenericTestArgumentsPropertyDeprecation", "log": "Test 'dbt_utils.mutually_exclusive_ranges' - Custom test argument 'partition_by' moved under 'arguments'."}, {"deprecation": "MissingGenericTestArgumentsPropertyDeprecation", "log": "Test 'dbt_utils.mutually_exclusive_ranges' - Custom test argument 'lower_bound_column' moved under 'arguments'."}, {"deprecation": "MissingGenericTestArgumentsPropertyDeprecation", "log": "Test 'dbt_utils.mutually_exclusive_ranges' - Custom test argument 'upper_bound_column' moved under 'arguments'."}, {"deprecation": "MissingGenericTestArgumentsPropertyDeprecation", "log": "Test 'dbt_utils.mutually_exclusive_ranges' - Custom test argument 'gaps' moved under 'arguments'."}, {"deprecation": "MissingGenericTestArgumentsPropertyDeprecation", "log": "Test 'dbt_utils.unique_combination_of_columns' - Custom test argument 'combination_of_columns' moved under 'arguments'."}, {"deprecation": "MissingGenericTestArgumentsPropertyDeprecation", "log": "Test 'dbt_utils.unique_combination_of_columns' - Custom test argument 'combination_of_columns' moved under 'arguments'."}]}
{"mode": "applied", "file_path": "/private/var/folders/0y/3dbffqmn08q4swkt9zgffjq40000gn/T/dbt_autofix_test_project1_04vuhoh6/project1/models/example/yml_with_dupes.yml", "refactors": [{"deprecation": "DuplicateYAMLKeysDeprecation", "log": "Found duplicate keys: line 4 - duplication of key \"description\" in mapping"}]}
{"mode": "applied", "file_path": "/private/var/folders/0y/3dbffqmn08q4swkt9zgffjq40000gn/T/dbt_autofix_test_project1_04vuhoh6/project1/models/example/yml_with_anchors.yml", "refactors": [{"deprecation": null, "log": "Removed the extra indentation around 'version: 2' on line 1"}, {"deprecation": "CustomKeyInObjectDeprecation", "log": "Model 'my_first_dbt_model' - Field 'my_config' is not allowed, but 'config' is. Moved as-is under config.meta but you might want to rename it and move it under config."}, {"deprecation": "CustomKeyInObjectDeprecation", "log": "Column 'id' - Field 'my_config' is not allowed, but 'config' is. Moved as-is under config.meta but you might want to rename it and move it under config."}, {"deprecation": "CustomKeyInObjectDeprecation", "log": "Column 'id' - Moved all the meta fields under config.meta and merged with existing config.meta."}, {"deprecation": "CustomKeyInObjectDeprecation", "log": "Test 'not_null' - Field 'where' moved under config."}]}
{"mode": "applied", "file_path": "/private/var/folders/0y/3dbffqmn08q4swkt9zgffjq40000gn/T/dbt_autofix_test_project1_04vuhoh6/project1/models/example/yml_with_custom_keys.yml", "refactors": [{"deprecation": "CustomTopLevelKeyDeprecation", "log": "Removed custom top-level key: 'custom_key'"}]}
{"mode": "applied", "file_path": "/private/var/folders/0y/3dbffqmn08q4swkt9zgffjq40000gn/T/dbt_autofix_test_project1_04vuhoh6/project1/models/example/model_with_config.yml", "refactors": [{"deprecation": "CustomKeyInConfigDeprecation", "log": "Model 'my_first_dbt_model' - Config 'custom_config' is not an allowed config - Moved under config.meta."}, {"deprecation": "CustomKeyInConfigDeprecation", "log": "Model 'my_first_dbt_model' - Config 'pre-hook' is a common misspelling of 'pre_hook', it has been renamed."}, {"deprecation": "CustomKeyInConfigDeprecation", "log": "Model 'my_first_dbt_model' - Config 'post-hook' is a common misspelling of 'post_hook', it has been renamed."}]}
{"mode": "applied", "file_path": "/private/var/folders/0y/3dbffqmn08q4swkt9zgffjq40000gn/T/dbt_autofix_test_project1_04vuhoh6/project1/models/example/analyses.yml", "refactors": [{"deprecation": "CustomKeyInObjectDeprecation", "log": "Analyse 'analysis_name' - Field 'custom_field' is not an allowed config - Moved under config.meta."}, {"deprecation": "PropertyMovedToConfigDeprecation", "log": "Analyse 'analysis_name' - Field 'docs' moved under config."}]}
{"mode": "applied", "file_path": "/private/var/folders/0y/3dbffqmn08q4swkt9zgffjq40000gn/T/dbt_autofix_test_project1_04vuhoh6/project1/models/example/sources.yml", "refactors": [{"deprecation": null, "log": "Removed line containing only tabs on line 72"}, {"deprecation": "CustomKeyInObjectDeprecation", "log": "Source 'my-source' - Field 'desciption' is a common misspelling of 'description', it has been renamed."}, {"deprecation": "PropertyMovedToConfigDeprecation", "log": "Source 'my-source' - Field 'tags' moved under config."}, {"deprecation": "PropertyMovedToConfigDeprecation", "log": "Source 'my-source' - Field 'freshness' moved under config."}, {"deprecation": "CustomKeyInObjectDeprecation", "log": "Source 'my-source' - Field 'custom_property' is not an allowed config - Moved under config.meta."}, {"deprecation": "CustomKeyInObjectDeprecation", "log": "Source 'my-source' - Moved all the meta fields under config.meta and merged with existing config.meta."}, {"deprecation": "PropertyMovedToConfigDeprecation", "log": "Table 'table1' - Field 'loaded_at_field' moved under config."}, {"deprecation": "PropertyMovedToConfigDeprecation", "log": "Table 'table1' - Field 'tags' moved under config."}, {"deprecation": "PropertyMovedToConfigDeprecation", "log": "Table 'table1' - Field 'freshness' moved under config."}, {"deprecation": "CustomKeyInObjectDeprecation", "log": "Table 'table1' - Moved all the meta fields under config.meta and merged with existing config.meta."}, {"deprecation": "MissingGenericTestArgumentsPropertyDeprecation", "log": "Test 'dbt_expectations.expect_table_columns_to_contain_set' - Custom test argument 'column_list' moved under 'arguments'."}, {"deprecation": "MissingGenericTestArgumentsPropertyDeprecation", "log": "Test 'dbt_expectations.expect_table_columns_to_contain_set' - Custom test argument 'transform' moved under 'arguments'."}, {"deprecation": "CustomKeyInObjectDeprecation", "log": "Column 'col1' - Moved all the meta fields under config.meta and merged with existing config.meta."}, {"deprecation": "CustomKeyInObjectDeprecation", "log": "Test 'unique' - Field 'where' moved under config."}]}
{"mode": "applied", "file_path": "/private/var/folders/0y/3dbffqmn08q4swkt9zgffjq40000gn/T/dbt_autofix_test_project1_04vuhoh6/project1/models/example/yml_with_tabs.yml", "refactors": [{"deprecation": null, "log": "Found extra tabs: line 5 - column 21"}]}
{"mode": "applied", "file_path": "/private/var/folders/0y/3dbffqmn08q4swkt9zgffjq40000gn/T/dbt_autofix_test_project1_04vuhoh6/project1/models/example/groups.yml", "refactors": [{"deprecation": "CustomKeyInObjectDeprecation", "log": "Group 'finance' - Field 'custom_field' is not an allowed config - Moved under config.meta."}]}
{"mode": "applied", "file_path": "/var/folders/0y/3dbffqmn08q4swkt9zgffjq40000gn/T/dbt_autofix_test_project1_04vuhoh6/project1/dbt_project.yml", "refactors": [{"deprecation": "MissingGenericTestArgumentsPropertyDeprecation", "log": "Set flag 'require_generic_test_arguments_property' to 'True' - This will parse the values defined within the `arguments` property of test definition as the test keyword arguments."}, {"deprecation": "ConfigTargetPathDeprecation", "log": "Removed the deprecated field 'target-path'"}, {"deprecation": null, "log": "Replaced fancy quotes with standard double quotes on line 13"}, {"deprecation": "MissingPlusPrefixDeprecation", "log": "Added '+' in front of the nested config 'materialized'"}, {"deprecation": "MissingPlusPrefixDeprecation", "log": "Moved custom config 'custom_config' to '+meta'"}, {"deprecation": "MissingPlusPrefixDeprecation", "log": "Added '+' in front of the nested config 'dataset'"}, {"deprecation": "MissingPlusPrefixDeprecation", "log": "Added '+' in front of the nested config 'project'"}, {"deprecation": "MissingPlusPrefixDeprecation", "log": "Added '+' in front of the nested config 'data_space'"}, {"deprecation": "MissingPlusPrefixDeprecation", "log": "Added '+' in front of the nested config 'materialized'"}, {"deprecation": "MissingPlusPrefixDeprecation", "log": "Moved custom config 'custom_config' to '+meta'"}, {"deprecation": "MissingPlusPrefixDeprecation", "log": "Added '+' in front of the nested config 'dataset'"}, {"deprecation": "MissingPlusPrefixDeprecation", "log": "Added '+' in front of the nested config 'project'"}, {"deprecation": "MissingPlusPrefixDeprecation", "log": "Added '+' in front of the nested config 'data_space'"}, {"deprecation": "MissingPlusPrefixDeprecation", "log": "Added '+' in front of top level config 'enabled'"}, {"deprecation": "MissingPlusPrefixDeprecation", "log": "Added '+' in front of top level config 'enabled'"}, {"deprecation": "MissingPlusPrefixDeprecation", "log": "Added '+' in front of top level config 'tags'"}]}
{"mode": "applied", "file_path": "/private/var/folders/0y/3dbffqmn08q4swkt9zgffjq40000gn/T/dbt_autofix_test_project1_04vuhoh6/project1/models/example/model_with_dbt_jinja.sql", "refactors": [], "warnings": ["Detected custom config ['myconf'], but autofix was unable to refactor it due to Jinja usage in the config macro call.\n\tPlease manually move the custom configs ['myconf'] to 'meta'."]}
{"mode": "applied", "file_path": "/private/var/folders/0y/3dbffqmn08q4swkt9zgffjq40000gn/T/dbt_autofix_test_project1_04vuhoh6/project1/models/example/model_with_custom_configs.sql", "refactors": [{"deprecation": "CustomKeyInConfigDeprecation", "log": "Moved custom configs ['custom_config', 'custom_config_int', 'custom_config_list', 'custom_config_dict'] to 'meta'"}], "warnings": []}
{"mode": "applied", "file_path": "/private/var/folders/0y/3dbffqmn08q4swkt9zgffjq40000gn/T/dbt_autofix_test_project1_04vuhoh6/project1/models/example/model_with_post_hook.sql", "refactors": [{"deprecation": "CustomKeyInConfigDeprecation", "log": "Config 'pre-hook' is a common misspelling of 'pre_hook', it has been renamed."}, {"deprecation": "CustomKeyInConfigDeprecation", "log": "Config 'post-hook' is a common misspelling of 'post_hook', it has been renamed."}], "warnings": []}
{"mode": "applied", "file_path": "/private/var/folders/0y/3dbffqmn08q4swkt9zgffjq40000gn/T/dbt_autofix_test_project1_04vuhoh6/project1/tests/null_email.sql", "refactors": [], "warnings": ["Detected custom config ['custom_config'], but autofix was unable to refactor it due to Jinja usage in the config macro call.\n\tPlease manually move the custom configs ['custom_config'] to 'meta'."]}
{"mode": "applied", "file_path": "/private/var/folders/0y/3dbffqmn08q4swkt9zgffjq40000gn/T/dbt_autofix_test_project1_04vuhoh6/project1/tests/null_email2.sql", "refactors": [{"deprecation": "CustomKeyInConfigDeprecation", "log": "Moved custom config ['custom_config'] to 'meta'"}], "warnings": []}
{"mode": "complete"}
