{"mode": "applied", "file_path": "/private/var/folders/0y/3dbffqmn08q4swkt9zgffjq40000gn/T/dbt_autofix_test_project_semantic_layer_9hll9l_h/project_semantic_layer/models/products.yml", "refactors": [{"deprecation": null, "log": "Model 'products' - Merged with semantic model 'products'.\n\t* Set model 'description' to semantic model 'description'.\n\t* Added new column 'product_id' with 'primary' entity.\n\t* Added new column 'product_name' with 'categorical' dimension.\n\t* Added new column 'product_type' with 'categorical' dimension.\n\t* Added new column 'product_description' with 'categorical' dimension.\n\t* Added new column 'is_food_item' with 'categorical' dimension.\n\t* Added new column 'is_drink_item' with 'categorical' dimension.\n\t* Added new column 'product_price' with 'categorical' dimension."}, {"deprecation": null, "log": "Deleted top-level semantic model 'products'."}]}
{"mode": "applied", "file_path": "/private/var/folders/0y/3dbffqmn08q4swkt9zgffjq40000gn/T/dbt_autofix_test_project_semantic_layer_9hll9l_h/project_semantic_layer/models/locations_model.yml", "refactors": [{"deprecation": null, "log": "Model 'locations' - Merged with semantic model 'locations'.\n\t* Set model 'description' to semantic model 'description'.\n\t* Set model 'agg_time_dimension' to semantic model 'agg_time_dimension'.\n\t* Added new column 'location_id' with 'primary' entity.\n\t* Added new column 'location_name' with 'categorical' dimension.\n\t* Added new column 'opened_at' with 'time' dimension."}, {"deprecation": null, "log": "Added simple metric 'average_tax_rate' to model 'locations'."}, {"deprecation": null, "log": "Added hidden simple metric 'average_tax_rate_fill_nulls_with_8675309' to model 'locations' as conversion_metric input for conversion metric 'conversion_metric_across_two_models'."}]}
{"mode": "applied", "file_path": "/private/var/folders/0y/3dbffqmn08q4swkt9zgffjq40000gn/T/dbt_autofix_test_project_semantic_layer_9hll9l_h/project_semantic_layer/models/locations.yml", "refactors": [{"deprecation": null, "log": "Deleted top-level semantic model 'locations'."}]}
{"mode": "applied", "file_path": "/private/var/folders/0y/3dbffqmn08q4swkt9zgffjq40000gn/T/dbt_autofix_test_project_semantic_layer_9hll9l_h/project_semantic_layer/models/supplies.yml", "refactors": [{"deprecation": null, "log": "Model 'supplies' - Merged with semantic model 'supplies'.\n\t* Set model 'description' to semantic model 'description'.\n\t* Added new column 'supply_uuid' with 'primary' entity.\n\t* Added new column 'supply_id' with 'categorical' dimension.\n\t* Added new column 'product_id' with 'categorical' dimension.\n\t* Added new column 'supply_name' with 'categorical' dimension.\n\t* Added new column 'supply_cost' with 'categorical' dimension.\n\t* Added new column 'is_perishable_supply' with 'categorical' dimension."}, {"deprecation": null, "log": "Deleted top-level semantic model 'supplies'."}]}
{"mode": "applied", "file_path": "/private/var/folders/0y/3dbffqmn08q4swkt9zgffjq40000gn/T/dbt_autofix_test_project_semantic_layer_9hll9l_h/project_semantic_layer/models/customers.yml", "refactors": [{"deprecation": null, "log": "Model 'customers' - Merged with semantic model 'customers'.\n\t* Appended semantic model 'description' to model 'description'.\n\t* Set model 'agg_time_dimension' to semantic model 'agg_time_dimension'.\n\t* Added 'primary' entity to column 'customer_id'.\n\t* Added 'categorical' dimension to column 'customer_name'.\n\t* Added 'categorical' dimension to column 'customer_type'.\n\t* Added 'time' dimension to column 'first_ordered_at'.\n\t* Added 'time' dimension to column 'last_ordered_at'."}, {"deprecation": null, "log": "Folded input measure 'lifetime_spend_pretax' into simple metric 'lifetime_spend_pretax' and moved 'lifetime_spend_pretax' to model 'customers'."}, {"deprecation": null, "log": "Folded input measure 'count_lifetime_orders' into simple metric 'count_lifetime_orders' and moved 'count_lifetime_orders' to model 'customers'."}, {"deprecation": null, "log": "Added simple metric 'customers' to model 'customers'."}, {"deprecation": null, "log": "Added simple metric 'lifetime_spend' to model 'customers'."}, {"deprecation": null, "log": "Added derived metric 'average_order_value' with to model 'customers'."}, {"deprecation": null, "log": "Deleted top-level semantic model 'customers'."}, {"deprecation": null, "log": "Deleted top-level metric 'average_order_value'."}, {"deprecation": null, "log": "Deleted top-level metric 'count_lifetime_orders'."}, {"deprecation": null, "log": "Deleted top-level metric 'lifetime_spend_pretax'."}]}
{"mode": "applied", "file_path": "/private/var/folders/0y/3dbffqmn08q4swkt9zgffjq40000gn/T/dbt_autofix_test_project_semantic_layer_9hll9l_h/project_semantic_layer/models/orders.yml", "refactors": [{"deprecation": null, "log": "Model 'orders' - Merged with semantic model 'orders'.\n\t* Appended semantic model 'description' to model 'description'.\n\t* Set model 'agg_time_dimension' to semantic model 'agg_time_dimension'.\n\t* Added 'primary' entity to column 'order_id'.\n\t* Added new column 'location_id' with 'foreign' entity.\n\t* Added 'foreign' entity to column 'customer_id'.\n\t* Added 'time' dimension to column 'ordered_at'.\n\t* Added new column 'order_total_dim' with 'categorical' dimension.\n\t* Added 'categorical' dimension to column 'is_food_order'.\n\t* Added 'categorical' dimension to column 'is_drink_order'.\n\t* Added new column 'customer_order_number' with 'categorical' dimension."}, {"deprecation": null, "log": "Folded input measure 'order_cost' into simple metric 'order_cost' and moved 'order_cost' to model 'orders'."}, {"deprecation": null, "log": "Folded input measure 'order_total' into simple metric 'order_total' and moved 'order_total' to model 'orders'."}, {"deprecation": null, "log": "Folded input measure 'order_count' into simple metric 'new_customer_orders' and moved 'new_customer_orders' to model 'orders'."}, {"deprecation": null, "log": "Folded input measure 'order_count' into simple metric 'large_orders' and moved 'large_orders' to model 'orders'."}, {"deprecation": null, "log": "Folded input measure 'order_count' into simple metric 'orders' and moved 'orders' to model 'orders'."}, {"deprecation": null, "log": "Folded input measure 'order_count' into simple metric 'food_orders' and moved 'food_orders' to model 'orders'."}, {"deprecation": null, "log": "Folded input measure 'order_count' into simple metric 'drink_orders' and moved 'drink_orders' to model 'orders'."}, {"deprecation": null, "log": "Added simple metric 'tax_paid' to model 'orders'."}, {"deprecation": null, "log": "Deleted top-level semantic model 'orders'."}, {"deprecation": null, "log": "Deleted top-level metric 'drink_orders'."}, {"deprecation": null, "log": "Deleted top-level metric 'food_orders'."}, {"deprecation": null, "log": "Deleted top-level metric 'large_orders'."}, {"deprecation": null, "log": "Deleted top-level metric 'new_customer_orders'."}, {"deprecation": null, "log": "Deleted top-level metric 'order_total'."}, {"deprecation": null, "log": "Deleted top-level metric 'orders'."}]}
{"mode": "applied", "file_path": "/private/var/folders/0y/3dbffqmn08q4swkt9zgffjq40000gn/T/dbt_autofix_test_project_semantic_layer_9hll9l_h/project_semantic_layer/models/order_items.yml", "refactors": [{"deprecation": null, "log": "Model 'order_items' - Merged with semantic model 'order_item'.\n\t* Set model 'description' to semantic model 'description'.\n\t* Set model 'agg_time_dimension' to semantic model 'agg_time_dimension'.\n\t* Added 'primary' entity to column 'order_item_id'.\n\t* Added 'foreign' entity to column 'order_id'.\n\t* Added new column 'product_id' with 'foreign' entity.\n\t* Added new column 'ordered_at' with 'time' dimension.\n\t* Added new column 'is_food_item' with 'categorical' dimension.\n\t* Added new column 'is_drink_item' with 'categorical' dimension."}, {"deprecation": null, "log": "Folded input measure 'revenue' into simple metric 'revenue' and moved 'revenue' to model 'order_items'."}, {"deprecation": null, "log": "Folded input measure 'median_revenue' into simple metric 'median_revenue' and moved 'median_revenue' to model 'order_items'."}, {"deprecation": null, "log": "Folded input measure 'food_revenue' into simple metric 'food_revenue' and moved 'food_revenue' to model 'order_items'."}, {"deprecation": null, "log": "Folded input measure 'drink_revenue' into simple metric 'drink_revenue' and moved 'drink_revenue' to model 'order_items'."}, {"deprecation": null, "log": "Added ratio metric 'food_revenue_pct' to model 'order_items'."}, {"deprecation": null, "log": "Added ratio metric 'drink_revenue_pct' to model 'order_items'."}, {"deprecation": null, "log": "Added derived metric 'revenue_growth_mom' with to model 'order_items'."}, {"deprecation": null, "log": "Added hidden simple metric 'revenue_1' to model 'order_items' as input for cumulative metric 'cumulative_revenue'."}, {"deprecation": null, "log": "Added cumulative metric 'cumulative_revenue' to model 'order_items'."}, {"deprecation": null, "log": "Added hidden simple metric 'revenue_fill_nulls_with_150_join_to_timespine' to model 'order_items' as input for cumulative metric 'cumulative_revenue_with_input_settings'."}, {"deprecation": null, "log": "Added cumulative metric 'cumulative_revenue_with_input_settings' to model 'order_items'."}, {"deprecation": null, "log": "Added hidden simple metric 'revenue_fill_nulls_with_test_join_to_timespine' to model 'order_items' as base_metric input for conversion metric 'conversion_metric'."}, {"deprecation": null, "log": "Added hidden simple metric 'food_revenue_fill_nulls_with_negative_12' to model 'order_items' as conversion_metric input for conversion metric 'conversion_metric'."}, {"deprecation": null, "log": "Added conversion metric 'conversion_metric' to model 'order_items'."}, {"deprecation": null, "log": "Added hidden simple metric 'revenue_join_to_timespine' to model 'order_items' as base_metric input for conversion metric 'conversion_metric_across_two_models'."}, {"deprecation": null, "log": "Deleted top-level semantic model 'order_item'."}, {"deprecation": null, "log": "Deleted top-level metric 'conversion_metric'."}, {"deprecation": null, "log": "Updated top-level metric 'conversion_metric_across_two_models' to be compatible with new syntax, but left at top-level."}, {"deprecation": null, "log": "Deleted top-level metric 'cumulative_revenue'."}, {"deprecation": null, "log": "Deleted top-level metric 'cumulative_revenue_with_input_settings'."}, {"deprecation": null, "log": "Deleted top-level metric 'drink_revenue'."}, {"deprecation": null, "log": "Deleted top-level metric 'drink_revenue_pct'."}, {"deprecation": null, "log": "Deleted top-level metric 'food_revenue'."}, {"deprecation": null, "log": "Deleted top-level metric 'food_revenue_pct'."}, {"deprecation": null, "log": "Deleted top-level metric 'median_revenue'."}, {"deprecation": null, "log": "Deleted top-level metric 'order_cost'."}, {"deprecation": null, "log": "Updated top-level metric 'order_gross_profit' to be compatible with new syntax, but left at top-level."}, {"deprecation": null, "log": "Deleted top-level metric 'revenue'."}, {"deprecation": null, "log": "Deleted top-level metric 'revenue_growth_mom'."}]}
{"mode": "complete"}
