---
source: src/tree.rs
expression: "tree.serialize(OutputTemplate::Json)"
---
[]
