---
source: src/tree.rs
expression: tree.render_json()
---
[
  "ab"
]
