---
source: src/order.rs
expression: "lines.join(\"\\n\")"
---
len=1
RankedNode { node_id: NodeId(0), kind: Array, key_in_object: None, number_value: None, bool_value: None, string_value: None }
