Status
    init
    retrieve          1 retrieved     [only 0 quality-curated]
    prescreen         0 included      1 to prescreen
    pdfs              0 retrieved     
    screen            0 included      
    data              0 synthesized   