flat_spots, 21
crossing_points, 160
entropy, 0.029404201349152375
lumpiness, 7.134888361132913e-06
stability, 0.5059395459602042
hurst, 0.5031018238214033
unitroot_pp, -15.54037682636583
unitroot_kpss, 0.5491633040817544
arch_lm, 0.8726680262804166
nonlinearity, 0.4658788795560079
x_pacf5, 1.3898599898649517
diff1x_pacf5, 0.4390239182055047
diff2x_pacf5, 1.059727625789837
seas_pacf, -0.035489707957712294
