flat_spots, nan
crossing_points, 4
entropy, -0.0
lumpiness, 0.0007134805105192911
stability, nan
hurst, nan
unitroot_pp, nan
unitroot_kpss, nan
arch_lm, nan
nonlinearity, nan
x_pacf5, nan
diff1x_pacf5, nan
diff2x_pacf5, nan
seas_pacf, nan
