[
    {
        "solution": {
            "echo": {
                "data": {
                    "hello": "world!"
                },
                "args": [
                    "-param=0"
                ]
            }
        },
        "statistics": {
            "run": {
                "duration": 0.123
            }
        },
        "assets": [],
        "stats": {
            "count": 1
        }
    },
    {
        "solution": {
            "echo": {
                "data": {
                    "hello": "world!"
                },
                "args": [
                    "-param=1"
                ]
            }
        },
        "statistics": {
            "run": {
                "duration": 0.123
            }
        },
        "assets": [],
        "stats": {
            "count": 1
        }
    },
    {
        "solution": {
            "echo": {
                "data": {
                    "hello": "world!"
                },
                "args": [
                    "-param=2"
                ]
            }
        },
        "statistics": {
            "run": {
                "duration": 0.123
            }
        },
        "assets": [],
        "stats": {
            "count": 1
        }
    }
]