{
    "message": "Hello, goldie!",
    "processed": true,
    "data": {
        "random": 3
    }
}