DN_HistogramMode_5, NaN
DN_HistogramMode_10, NaN
CO_f1ecac, 0.000000
CO_FirstMin_ac, 0.000000
CO_HistogramAMI_even_2_5, NaN
CO_trev_1_num, NaN
MD_hrv_classic_pnn40, NaN
SB_BinaryStats_mean_longstretch1, NaN
SB_TransitionMatrix_3ac_sumdiagcov, NaN
PD_PeriodicityWang_th0_01, 0.000000
CO_Embed2_Dist_tau_d_expfit_meandiff, NaN
IN_AutoMutualInfoStats_40_gaussian_fmmi, NaN
FC_LocalSimple_mean1_tauresrat, NaN
DN_OutlierInclude_p_001_mdrmd, NaN
DN_OutlierInclude_n_001_mdrmd, NaN
SP_Summaries_welch_rect_area_5_1, NaN
SB_BinaryStats_diff_longstretch0, NaN
SB_MotifThree_quantile_hh, NaN
SC_FluctAnal_2_rsrangefit_50_1_logi_prop_r1, NaN
SC_FluctAnal_2_dfa_50_1_2_logi_prop_r1, NaN
SP_Summaries_welch_rect_centroid, NaN
FC_LocalSimple_mean3_stderr, NaN
DN_Mean, 0.1341234
DN_Spread_Std, NaN