---
source: duper/src/visitor/pretty_printer.rs
expression: pp
---
{
  nested_object: {
    integer_field: 42,
    string_field: "test",
  },
  array_field: [
    4.2,
    true,
  ],
}
