---
source: duper/src/visitor/pretty_printer.rs
expression: pp
---
Start({
  "first object": {
    second_object: {
      "third object": Msg(
        "This is a very long string that will push itself into the next line."
      ),
      addendum: null,
    },
  },
})
